

lucho@LAPTOP-0BUSJU4V MINGW64 ~ (luna)
$ cd '/c/Users/lucho/OneDrive/Escritorio/css/saliadarre - esteticagodoy'

lucho@LAPTOP-0BUSJU4V MINGW64 ~/OneDrive/Escritorio/css/saliadarre - esteticagodoy (main)
$ git init
Reinitialized existing Git repository in C:/Users/lucho/OneDrive/Escritorio/css/
saliadarre - esteticagodoy/.git/

lucho@LAPTOP-0BUSJU4V MINGW64 ~/OneDrive/Escritorio/css/saliadarre - esteticagodoy (main)
$ git add .
warning: LF will be replaced by CRLF in css/estilo.css.
The file will have its original line endings in your working directory

lucho@LAPTOP-0BUSJU4V MINGW64 ~/OneDrive/Escritorio/css/saliadarre - esteticagodoy (main)
$ git commit -m guardar
[main d79d79a] guardar
 14 files changed, 440 insertions(+), 181 deletions(-)
 create mode 100644 css/estilo.css
 create mode 100644 prueba.css
 create mode 100644 prueba.html
 create mode 100644 scss/estilo.scss

lucho@LAPTOP-0BUSJU4V MINGW64 ~/OneDrive/Escritorio/css/saliadarre - esteticagodoy (main)
$ git log
commit d79d79a471154e9f3ed5fae675b2e24a139da3f8 (HEAD -> main)
Author: Luciano Saliadarre <luchopyro@hotmail.com>
Date:   Thu Jul 8 23:15:40 2021 -0300

    guardar

commit b546ea20f1d97574d5db03eec1b09bdad7de722c
Author: Luciano Saliadarre <luchopyro@hotmail.com>
Date:   Sat Jul 3 18:24:23 2021 -0300

    guardar

commit 532fea096ef7be4c0221871347b6fac7b90c4a02 (origin/main)
Author: Luciano Saliadarre <luchopyro@hotmail.com>
Date:   Sat Jul 3 15:39:23 2021 -0300

    guardar

lucho@LAPTOP-0BUSJU4V MINGW64 ~/OneDrive/Escritorio/css/saliadarre - esteticagodoy (main)
$ ^C

lucho@LAPTOP-0BUSJU4V MINGW64 ~/OneDrive/Escritorio/css/saliadarre - esteticagodoy (main)
$


lucho@LAPTOP-0BUSJU4V MINGW64 ~ (luna)
$ cd '/c/Users/lucho/OneDrive/Escritorio/css/saliadarre - esteticagodoy'

lucho@LAPTOP-0BUSJU4V MINGW64 ~/OneDrive/Escritorio/css/saliadarre - esteticagodoy (main)
$ git init
Reinitialized existing Git repository in C:/Users/lucho/OneDrive/Escritorio/css/
saliadarre - esteticagodoy/.git/

lucho@LAPTOP-0BUSJU4V MINGW64 ~/OneDrive/Escritorio/css/saliadarre - esteticagodoy (main)
$ git add .
warning: LF will be replaced by CRLF in css/estilo.css.
The file will have its original line endings in your working directory

lucho@LAPTOP-0BUSJU4V MINGW64 ~/OneDrive/Escritorio/css/saliadarre - esteticagodoy (main)
$ git commit -m guardar
[main d79d79a] guardar
 14 files changed, 440 insertions(+), 181 deletions(-)
 create mode 100644 css/estilo.css
 create mode 100644 prueba.css
 create mode 100644 prueba.html
 create mode 100644 scss/estilo.scss

lucho@LAPTOP-0BUSJU4V MINGW64 ~/OneDrive/Escritorio/css/saliadarre - esteticagodoy (main)
$ git log
commit d79d79a471154e9f3ed5fae675b2e24a139da3f8 (HEAD -> main)
Author: Luciano Saliadarre <luchopyro@hotmail.com>
Date:   Thu Jul 8 23:15:40 2021 -0300

    guardar

commit b546ea20f1d97574d5db03eec1b09bdad7de722c
Author: Luciano Saliadarre <luchopyro@hotmail.com>
Date:   Sat Jul 3 18:24:23 2021 -0300

    guardar

commit 532fea096ef7be4c0221871347b6fac7b90c4a02 (origin/main)
Author: Luciano Saliadarre <luchopyro@hotmail.com>
Date:   Sat Jul 3 15:39:23 2021 -0300

    guardar

lucho@LAPTOP-0BUSJU4V MINGW64 ~/OneDrive/Escritorio/css/saliadarre - esteticagodoy (main)
$ ^C

lucho@LAPTOP-0BUSJU4V MINGW64 ~/OneDrive/Escritorio/css/saliadarre - esteticagodoy (main)
$


lucho@LAPTOP-0BUSJU4V MINGW64 ~ (luna)
$ cd '/c/Users/lucho/OneDrive/Escritorio/css/saliadarre - esteticagodoy'

lucho@LAPTOP-0BUSJU4V MINGW64 ~/OneDrive/Escritorio/css/saliadarre - esteticagodoy (main)
$ git init
Reinitialized existing Git repository in C:/Users/lucho/OneDrive/Escritorio/css/
saliadarre - esteticagodoy/.git/

lucho@LAPTOP-0BUSJU4V MINGW64 ~/OneDrive/Escritorio/css/saliadarre - esteticagodoy (main)
$ git add .
warning: LF will be replaced by CRLF in css/estilo.css.
The file will have its original line endings in your working directory

lucho@LAPTOP-0BUSJU4V MINGW64 ~/OneDrive/Escritorio/css/saliadarre - esteticagodoy (main)
$ git commit -m guardar
[main 752521b] guardar
 19 files changed, 502 insertions(+), 315 deletions(-)
 rewrite galeria.css (65%)
 rewrite galeria.html (61%)
 create mode 100644 imagenes/bienvenido.svg
 create mode 100644 imagenes/contactanos.svg
 create mode 100644 imagenes/contacto.svg
 create mode 100644 imagenes/nosotros.svg
 create mode 100644 imagenes/playlist.svg
 create mode 100644 imagenes/visitanos.svg
 create mode 100644 maquinaria.html
 rewrite quienesSomos.html (67%)
 create mode 100644 quienessomos.css

lucho@LAPTOP-0BUSJU4V MINGW64 ~/OneDrive/Escritorio/css/saliadarre - esteticagodoy (main)
$ git log
commit 752521b76a0ff16068f49c86abd98baadbb3c161 (HEAD -> main)
Author: Luciano Saliadarre <luchopyro@hotmail.com>
Date:   Fri Jul 9 09:51:13 2021 -0300

    guardar

commit d79d79a471154e9f3ed5fae675b2e24a139da3f8
Author: Luciano Saliadarre <luchopyro@hotmail.com>
Date:   Thu Jul 8 23:15:40 2021 -0300

    guardar

commit b546ea20f1d97574d5db03eec1b09bdad7de722c
Author: Luciano Saliadarre <luchopyro@hotmail.com>
Date:   Sat Jul 3 18:24:23 2021 -0300

    guardar

commit 532fea096ef7be4c0221871347b6fac7b90c4a02 (origin/main)
Author: Luciano Saliadarre <luchopyro@hotmail.com>
Date:   Sat Jul 3 15:39:23 2021 -0300

    guardar

lucho@LAPTOP-0BUSJU4V MINGW64 ~ (luna)
$ cd '/c/Users/lucho/OneDrive/Escritorio/css/saliadarre - esteticagodoy'

lucho@LAPTOP-0BUSJU4V MINGW64 ~/OneDrive/Escritorio/css/saliadarre - esteticagodoy (main)
$ git init
Reinitialized existing Git repository in C:/Users/lucho/OneDrive/Escritorio/css/
saliadarre - esteticagodoy/.git/

lucho@LAPTOP-0BUSJU4V MINGW64 ~/OneDrive/Escritorio/css/saliadarre - esteticagodoy (main)
$ git add .
warning: LF will be replaced by CRLF in css/estilo.css.
The file will have its original line endings in your working directory

lucho@LAPTOP-0BUSJU4V MINGW64 ~/OneDrive/Escritorio/css/saliadarre - esteticagodoy (main)
$ git commit -m guardar
[main 4c8e6ef] guardar
 18 files changed, 1177 insertions(+), 479 deletions(-)
 rewrite contacto.css (65%)
 rewrite contacto.html (70%)
 rewrite galeria.css (60%)
 create mode 100644 imagenes/fondoabstracto.jpg
 create mode 100644 nosotros.css
 create mode 100644 nosotros.html
 rewrite prueba.css (94%)
 rewrite quienesSomos.html (95%)
 rewrite scss/estilo.scss (60%)

lucho@LAPTOP-0BUSJU4V MINGW64 ~/OneDrive/Escritorio/css/saliadarre - esteticagodoy (main)
$ git log
commit 4c8e6ef8bbb57603c39b946a1b326589fc9eeeb5 (HEAD -> main)
Author: Luciano Saliadarre <luchopyro@hotmail.com>
Date:   Fri Jul 9 21:21:24 2021 -0300

    guardar

commit 752521b76a0ff16068f49c86abd98baadbb3c161
Author: Luciano Saliadarre <luchopyro@hotmail.com>
Date:   Fri Jul 9 09:51:13 2021 -0300

    guardar

commit d79d79a471154e9f3ed5fae675b2e24a139da3f8
Author: Luciano Saliadarre <luchopyro@hotmail.com>
Date:   Thu Jul 8 23:15:40 2021 -0300

    guardar

commit b546ea20f1d97574d5db03eec1b09bdad7de722c
Author: Luciano Saliadarre <luchopyro@hotmail.com>
Date:   Sat Jul 3 18:24:23 2021 -0300

    guardar
:


lucho@LAPTOP-0BUSJU4V MINGW64 ~ (luna)
$ cd '/c/Users/lucho/OneDrive/Escritorio/css/saliadarre - esteticagodoy'

lucho@LAPTOP-0BUSJU4V MINGW64 ~/OneDrive/Escritorio/css/saliadarre - esteticagodoy (main)
$ git init
Reinitialized existing Git repository in C:/Users/lucho/OneDrive/Escritorio/css/
saliadarre - esteticagodoy/.git/

lucho@LAPTOP-0BUSJU4V MINGW64 ~/OneDrive/Escritorio/css/saliadarre - esteticagodoy (main)
$ git add .

lucho@LAPTOP-0BUSJU4V MINGW64 ~/OneDrive/Escritorio/css/saliadarre - esteticagodoy (main)
$ git commit -m guardar
[main 33ae9a7] guardar
 16 files changed, 563 insertions(+), 197 deletions(-)
 create mode 100644 git.txt
 create mode 100644 imagenes/estetica godoy.png
 rename nosotros.css => preguntas.css (63%)
 create mode 100644 preguntas.html
 rename nosotros.html => quienesSomos.html (58%)

lucho@LAPTOP-0BUSJU4V MINGW64 ~/OneDrive/Escritorio/css/saliadarre - esteticagodoy (main)
$ git log
commit 33ae9a7db1e26ca81cc32bea146ba6b5e13fdbdb (HEAD -> main)
Author: Luciano Saliadarre <luchopyro@hotmail.com>
Date:   Sat Jul 10 11:25:27 2021 -0300

    guardar

commit 4c8e6ef8bbb57603c39b946a1b326589fc9eeeb5
Author: Luciano Saliadarre <luchopyro@hotmail.com>
Date:   Fri Jul 9 21:21:24 2021 -0300

    guardar

commit 752521b76a0ff16068f49c86abd98baadbb3c161
Author: Luciano Saliadarre <luchopyro@hotmail.com>
Date:   Fri Jul 9 09:51:13 2021 -0300

    guardar

commit d79d79a471154e9f3ed5fae675b2e24a139da3f8
Author: Luciano Saliadarre <luchopyro@hotmail.com>
Date:   Thu Jul 8 23:15:40 2021 -0300

    guardar
:

lucho@LAPTOP-0BUSJU4V MINGW64 ~ (luna)
$ cd '/c/Users/lucho/OneDrive/Escritorio/css/saliadarre - esteticagodoy'

lucho@LAPTOP-0BUSJU4V MINGW64 ~/OneDrive/Escritorio/css/saliadarre - esteticagodoy (main)
$ git init
Reinitialized existing Git repository in C:/Users/lucho/OneDrive/Escritorio/css/
saliadarre - esteticagodoy/.git/

lucho@LAPTOP-0BUSJU4V MINGW64 ~/OneDrive/Escritorio/css/saliadarre - esteticagodoy (main)
$ git add .
warning: LF will be replaced by CRLF in whatsapp.css.
The file will have its original line endings in your working directory
warning: LF will be replaced by CRLF in whatsapp.html.
The file will have its original line endings in your working directory

lucho@LAPTOP-0BUSJU4V MINGW64 ~/OneDrive/Escritorio/css/saliadarre - esteticagodoy (main)
$ git commit -m guardar
[main 4e830ab] guardar
 17 files changed, 1019 insertions(+), 1430 deletions(-)
 rewrite contacto.css (60%)
 copy tratamientos.html => contacto.html (50%)
 rewrite galeria.css (86%)
 delete mode 100644 git.txt
 delete mode 100644 maquinaria.html
 rewrite preguntas.html (97%)
 delete mode 100644 prueba.css
 delete mode 100644 prueba.html
 rewrite quienessomos.css (62%)
 rewrite tratamientos.html (92%)

lucho@LAPTOP-0BUSJU4V MINGW64 ~/OneDrive/Escritorio/css/saliadarre - esteticagodoy (main)
$ git log
commit 4e830abe96efd1a3dac9fdbf99ae9eaa6b4dea5d (HEAD -> main)
Author: Luciano Saliadarre <luchopyro@hotmail.com>
Date:   Sat Jul 10 13:56:46 2021 -0300

    guardar

commit 33ae9a7db1e26ca81cc32bea146ba6b5e13fdbdb
Author: Luciano Saliadarre <luchopyro@hotmail.com>
Date:   Sat Jul 10 11:25:27 2021 -0300

    guardar

commit 4c8e6ef8bbb57603c39b946a1b326589fc9eeeb5
Author: Luciano Saliadarre <luchopyro@hotmail.com>
Date:   Fri Jul 9 21:21:24 2021 -0300

    guardar

commit 752521b76a0ff16068f49c86abd98baadbb3c161
Author: Luciano Saliadarre <luchopyro@hotmail.com>
Date:   Fri Jul 9 09:51:13 2021 -0300

    guardar
:

